Archive member included to satisfy reference by file (symbol)

c:/Users/Paul Scalise/CH592F_SSD1306/StdPeriphDriver\libISP592.a(ISP583.o)
                              ./StdPeriphDriver/CH59x_flash.o (FLASH_EEPROM_CMD)
c:/mounriver/mounriver_studio2/resources/app/resources/win32/components/wch/toolchain/risc-v embedded gcc/bin/../lib/gcc/riscv-none-embed/8.2.0/rv32imac/ilp32\libgcc.a(_divdi3.o)
                              ./StdPeriphDriver/CH59x_clk.o (__divdi3)
c:/mounriver/mounriver_studio2/resources/app/resources/win32/components/wch/toolchain/risc-v embedded gcc/bin/../lib/gcc/riscv-none-embed/8.2.0/rv32imac/ilp32\libgcc.a(extendsfdf2.o)
                              ./User/driver_ssd1306_display_test.o (__extendsfdf2)
c:/mounriver/mounriver_studio2/resources/app/resources/win32/components/wch/toolchain/risc-v embedded gcc/bin/../lib/gcc/riscv-none-embed/8.2.0/rv32imac/ilp32\libgcc.a(_clz.o)
                              c:/mounriver/mounriver_studio2/resources/app/resources/win32/components/wch/toolchain/risc-v embedded gcc/bin/../lib/gcc/riscv-none-embed/8.2.0/rv32imac/ilp32\libgcc.a(_divdi3.o) (__clz_tab)
c:/mounriver/mounriver_studio2/resources/app/resources/win32/components/wch/toolchain/risc-v embedded gcc/bin/../lib/gcc/riscv-none-embed/8.2.0/rv32imac/ilp32\libgcc.a(_clzsi2.o)
                              c:/mounriver/mounriver_studio2/resources/app/resources/win32/components/wch/toolchain/risc-v embedded gcc/bin/../lib/gcc/riscv-none-embed/8.2.0/rv32imac/ilp32\libgcc.a(extendsfdf2.o) (__clzsi2)
c:/mounriver/mounriver_studio2/resources/app/resources/win32/components/wch/toolchain/risc-v embedded gcc/bin/../lib/gcc/riscv-none-embed/8.2.0/../../../../riscv-none-embed/lib/rv32imac/ilp32\libg_nano.a(lib_a-memcpy.o)
                              ./User/app_i2c.o (memcpy)
c:/mounriver/mounriver_studio2/resources/app/resources/win32/components/wch/toolchain/risc-v embedded gcc/bin/../lib/gcc/riscv-none-embed/8.2.0/../../../../riscv-none-embed/lib/rv32imac/ilp32\libg_nano.a(lib_a-memset.o)
                              ./User/driver_ssd1306.o (memset)
c:/mounriver/mounriver_studio2/resources/app/resources/win32/components/wch/toolchain/risc-v embedded gcc/bin/../lib/gcc/riscv-none-embed/8.2.0/../../../../riscv-none-embed/lib/rv32imac/ilp32\libg_nano.a(lib_a-printf.o)
                              ./User/driver_ssd1306_interface.o (printf)
c:/mounriver/mounriver_studio2/resources/app/resources/win32/components/wch/toolchain/risc-v embedded gcc/bin/../lib/gcc/riscv-none-embed/8.2.0/../../../../riscv-none-embed/lib/rv32imac/ilp32\libg_nano.a(lib_a-rand.o)
                              ./User/driver_ssd1306_display_test.o (rand)
c:/mounriver/mounriver_studio2/resources/app/resources/win32/components/wch/toolchain/risc-v embedded gcc/bin/../lib/gcc/riscv-none-embed/8.2.0/../../../../riscv-none-embed/lib/rv32imac/ilp32\libg_nano.a(lib_a-strlen.o)
                              ./User/driver_ssd1306_display_test.o (strlen)
c:/mounriver/mounriver_studio2/resources/app/resources/win32/components/wch/toolchain/risc-v embedded gcc/bin/../lib/gcc/riscv-none-embed/8.2.0/../../../../riscv-none-embed/lib/rv32imac/ilp32\libg_nano.a(lib_a-strncpy.o)
                              ./User/driver_ssd1306.o (strncpy)
c:/mounriver/mounriver_studio2/resources/app/resources/win32/components/wch/toolchain/risc-v embedded gcc/bin/../lib/gcc/riscv-none-embed/8.2.0/../../../../riscv-none-embed/lib/rv32imac/ilp32\libg_nano.a(lib_a-findfp.o)
                              c:/mounriver/mounriver_studio2/resources/app/resources/win32/components/wch/toolchain/risc-v embedded gcc/bin/../lib/gcc/riscv-none-embed/8.2.0/../../../../riscv-none-embed/lib/rv32imac/ilp32\libg_nano.a(lib_a-printf.o) (__sinit)
c:/mounriver/mounriver_studio2/resources/app/resources/win32/components/wch/toolchain/risc-v embedded gcc/bin/../lib/gcc/riscv-none-embed/8.2.0/../../../../riscv-none-embed/lib/rv32imac/ilp32\libg_nano.a(lib_a-fwalk.o)
                              c:/mounriver/mounriver_studio2/resources/app/resources/win32/components/wch/toolchain/risc-v embedded gcc/bin/../lib/gcc/riscv-none-embed/8.2.0/../../../../riscv-none-embed/lib/rv32imac/ilp32\libg_nano.a(lib_a-findfp.o) (_fwalk)
c:/mounriver/mounriver_studio2/resources/app/resources/win32/components/wch/toolchain/risc-v embedded gcc/bin/../lib/gcc/riscv-none-embed/8.2.0/../../../../riscv-none-embed/lib/rv32imac/ilp32\libg_nano.a(lib_a-impure.o)
                              c:/mounriver/mounriver_studio2/resources/app/resources/win32/components/wch/toolchain/risc-v embedded gcc/bin/../lib/gcc/riscv-none-embed/8.2.0/../../../../riscv-none-embed/lib/rv32imac/ilp32\libg_nano.a(lib_a-findfp.o) (_global_impure_ptr)
c:/mounriver/mounriver_studio2/resources/app/resources/win32/components/wch/toolchain/risc-v embedded gcc/bin/../lib/gcc/riscv-none-embed/8.2.0/../../../../riscv-none-embed/lib/rv32imac/ilp32\libg_nano.a(lib_a-malloc.o)
[...]
Memory Configuration

Name             Origin             Length             Attributes
FLASH            0x0000000000000000 0x0000000000070000 xr
RAM              0x0000000020000000 0x0000000000006800 xrw
*default*        0x0000000000000000 0xffffffffffffffff

Linker script and memory map

LOAD ./User/Main.o
LOAD ./User/app_i2c.o
LOAD ./User/driver_ssd1306.o
LOAD ./User/driver_ssd1306_advance.o
LOAD ./User/driver_ssd1306_basic.o
LOAD ./User/driver_ssd1306_display_test.o
LOAD ./User/driver_ssd1306_interface.o
LOAD ./StdPeriphDriver/CH59x_clk.o
LOAD ./StdPeriphDriver/CH59x_flash.o
LOAD ./StdPeriphDriver/CH59x_gpio.o
LOAD ./StdPeriphDriver/CH59x_i2c.o
LOAD ./StdPeriphDriver/CH59x_lcd.o
LOAD ./StdPeriphDriver/CH59x_pwr.o
LOAD ./StdPeriphDriver/CH59x_sys.o
LOAD ./StdPeriphDriver/CH59x_uart0.o
LOAD ./StdPeriphDriver/CH59x_uart1.o
LOAD ./Startup/startup_CH592.o
LOAD ./RVMSIS/core_riscv.o
LOAD c:/Users/Paul Scalise/CH592F_SSD1306/StdPeriphDriver\libISP592.a
LOAD c:/mounriver/mounriver_studio2/resources/app/resources/win32/components/wch/toolchain/risc-v embedded gcc/bin/../lib/gcc/riscv-none-embed/8.2.0/rv32imac/ilp32\libgcc.a
LOAD c:/mounriver/mounriver_studio2/resources/app/resources/win32/components/wch/toolchain/risc-v embedded gcc/bin/../lib/gcc/riscv-none-embed/8.2.0/../../../../riscv-none-embed/lib/rv32imac/ilp32\libg_nano.a
LOAD c:/mounriver/mounriver_studio2/resources/app/resources/win32/components/wch/toolchain/risc-v embedded gcc/bin/../lib/gcc/riscv-none-embed/8.2.0/../../../../riscv-none-embed/lib/rv32imac/ilp32\libc_nano.a
LOAD c:/mounriver/mounriver_studio2/resources/app/resources/win32/components/wch/toolchain/risc-v embedded gcc/bin/../lib/gcc/riscv-none-embed/8.2.0/rv32imac/ilp32\libgcc.a
START GROUP
LOAD c:/mounriver/mounriver_studio2/resources/app/resources/win32/components/wch/toolchain/risc-v embedded gcc/bin/../lib/gcc/riscv-none-embed/8.2.0/rv32imac/ilp32\libgcc.a
LOAD c:/mounriver/mounriver_studio2/resources/app/resources/win32/components/wch/toolchain/risc-v embedded gcc/bin/../lib/gcc/riscv-none-embed/8.2.0/../../../../riscv-none-embed/lib/rv32imac/ilp32\libc_nano.a
LOAD c:/mounriver/mounriver_studio2/resources/app/resources/win32/components/wch/toolchain/risc-v embedded gcc/bin/../lib/gcc/riscv-none-embed/8.2.0/../../../../riscv-none-embed/lib/rv32imac/ilp32\libnosys.a
END GROUP
START GROUP
LOAD c:/mounriver/mounriver_studio2/resources/app/resources/win32/components/wch/toolchain/risc-v embedded gcc/bin/../lib/gcc/riscv-none-embed/8.2.0/rv32imac/ilp32\libgcc.a
LOAD c:/mounriver/mounriver_studio2/resources/app/resources/win32/components/wch/toolchain/risc-v embedded gcc/bin/../lib/gcc/riscv-none-embed/8.2.0/../../../../riscv-none-embed/lib/rv32imac/ilp32\libc_nano.a
LOAD c:/mounriver/mounriver_studio2/resources/app/resources/win32/components/wch/toolchain/risc-v embedded gcc/bin/../lib/gcc/riscv-none-embed/8.2.0/../../../../riscv-none-embed/lib/rv32imac/ilp32\libnosys.a
END GROUP
                0x0000000000000200                __stack_size = 0x200
                [!provide]                        PROVIDE (_stack_size = __stack_size)

.init           0x0000000000000000        0x4
                0x0000000000000000                _sinit = .
                0x0000000000000000                . = ALIGN (0x4)
 *(SORT_NONE(.init))
 .init          0x0000000000000000        0x4 ./Startup/startup_CH592.o
                0x0000000000000000                _start
                0x0000000000000004                . = ALIGN (0x4)
                0x0000000000000004                _einit = .

.highcodelalign
                0x0000000000000004        0x0
                0x0000000000000004                . = ALIGN (0x4)
                0x0000000000000004                PROVIDE (_highcode_lma = .)

.highcode       0x0000000020000000      0xb9c load address 0x0000000000000004
                0x0000000020000000                . = ALIGN (0x4)
                0x0000000020000000                PROVIDE (_highcode_vma_start = .)
 *(.vector)
 .vector        0x0000000020000000       0x90 ./Startup/startup_CH592.o
 *(SORT_NONE(.vector_handler))
 .vector_handler
                0x0000000020000090        0x2 ./Startup/startup_CH592.o
                0x0000000020000090                GPIOB_IRQHandler
                0x0000000020000090                GPIOA_IRQHandler
                0x0000000020000090                SysTick_Handler
                0x0000000020000090                NMI_Handler
                0x0000000020000090                UART1_IRQHandler
                0x0000000020000090                UART0_IRQHandler
                0x0000000020000090                BB_IRQHandler
                0x0000000020000090                Break_Point_Handler
                0x0000000020000090                TMR0_IRQHandler
                0x0000000020000090                Ecall_M_Mode_Handler
                0x0000000020000090                RTC_IRQHandler
                0x0000000020000090                UART2_IRQHandler
                0x0000000020000090                PWMX_IRQHandler
                0x0000000020000090                ADC_IRQHandler
                0x0000000020000090                TMR2_IRQHandler
                0x0000000020000090                USB_IRQHandler
                0x0000000020000090                LLE_IRQHandler
                0x0000000020000090                WDOG_BAT_IRQHandler
                0x0000000020000090                Ecall_U_Mode_Handler
                0x0000000020000090                TMR3_IRQHandler
                0x0000000020000090                SW_Handler
                0x0000000020000090                SPI0_IRQHandler
                0x0000000020000090                UART3_IRQHandler
                0x0000000020000090                TMR1_IRQHandler
 *(.highcode)
 .highcode      0x0000000020000092      0x432 ./User/app_i2c.o
                0x0000000020000092                I2C_IRQHandler
 .highcode      0x00000000200004c4      0x2b0 ./StdPeriphDriver/CH59x_sys.o
                0x00000000200004c4                SetSysClock
                0x0000000020000666                SYS_ResetExecute
                0x00000000200006be                HardFault_Handler
                0x000000002000073e                mDelayuS
                0x000000002000074c                mDelaymS
 .highcode      0x0000000020000774      0x426 c:/Users/Paul Scalise/CH592F_SSD1306/StdPeriphDriver\libISP592.a(ISP583.o)
                0x0000000020000774                FLASH_ROM_BEG
                0x0000000020000786                FLASH_ROM_END
                0x0000000020000794                FLASH_ROM_IN
                0x00000000200007a2                FLASH_ROM_OUT
                0x00000000200007b0                FLASH_ROM_ADDR
                0x00000000200007f8                FLASH_ROM_WAIT
                0x0000000020000830                FLASH_EEPROM_CMD
 *(.highcode.*)
                0x0000000020000b9c                . = ALIGN (0x4)
 *fill*         0x0000000020000b9a        0x2 
                0x0000000020000b9c                PROVIDE (_highcode_vma_end = .)

.text           0x0000000000000ba0     0x60b0
                0x0000000000000ba0                . = ALIGN (0x4)
 *(SORT_NONE(.handle_reset))
 .handle_reset  0x0000000000000ba0       0xaa ./Startup/startup_CH592.o
                0x0000000000000ba0                handle_reset
 *(.text)
 .text          0x0000000000000c4a       0xa8 c:/mounriver/mounriver_studio2/resources/app/resources/win32/components/wch/toolchain/risc-v embedded gcc/bin/../lib/gcc/riscv-none-embed/8.2.0/../../../../riscv-none-embed/lib/rv32imac/ilp32\libg_nano.a(lib_a-memset.o)
                0x0000000000000c4a                memset
 *(.text.*)
 .text.startup.main
                0x0000000000000cf2       0x50 ./User/Main.o
                0x0000000000000cf2                main
 .text.i2c_app_init
                0x0000000000000d42       0x64 ./User/app_i2c.o
                0x0000000000000d42                i2c_app_init
 .text.i2c_write_to
                0x0000000000000da6       0xe2 ./User/app_i2c.o
                0x0000000000000da6                i2c_write_to
 .text.a_ssd1306_write_byte
                0x0000000000000e88       0x58 ./User/driver_ssd1306.o
 .text.a_ssd1306_gram_draw_point
                0x0000000000000ee0       0x2a ./User/driver_ssd1306.o
 .text.a_ssd1306_multiple_write_byte
                0x0000000000000f0a       0x5a ./User/driver_ssd1306.o
 .text.ssd1306_clear
                0x0000000000000f64       0x94 ./User/driver_ssd1306.o
                0x0000000000000f64                ssd1306_clear
 .text.ssd1306_gram_update
                0x0000000000000ff8       0x92 ./User/driver_ssd1306.o
                0x0000000000000ff8                ssd1306_gram_update
 .text.ssd1306_gram_write_point
                0x000000000000108a       0x70 ./User/driver_ssd1306.o
                0x000000000000108a                ssd1306_gram_write_point
 .text.ssd1306_gram_write_string
                0x00000000000010fa      0x1e4 ./User/driver_ssd1306.o
                0x00000000000010fa                ssd1306_gram_write_string
 .text.ssd1306_gram_fill_rect
                0x00000000000012de       0xce ./User/driver_ssd1306.o
                0x00000000000012de                ssd1306_gram_fill_rect
 .text.ssd1306_gram_draw_picture
                0x00000000000013ac       0xd2 ./User/driver_ssd1306.o
                0x00000000000013ac                ssd1306_gram_draw_picture
 .text.ssd1306_init
                0x000000000000147e      0x17a ./User/driver_ssd1306.o
                0x000000000000147e                ssd1306_init
 .text.ssd1306_deinit
                0x00000000000015f8       0xd0 ./User/driver_ssd1306.o
                0x00000000000015f8                ssd1306_deinit
 .text.ssd1306_set_interface
                0x00000000000016c8        0xe ./User/driver_ssd1306.o
                0x00000000000016c8                ssd1306_set_interface
 .text.ssd1306_set_addr_pin
                0x00000000000016d6        0xe ./User/driver_ssd1306.o
                0x00000000000016d6                ssd1306_set_addr_pin
 .text.ssd1306_set_low_column_start_address
                0x00000000000016e4       0x38 ./User/driver_ssd1306.o
                0x00000000000016e4                ssd1306_set_low_column_start_address
 .text.ssd1306_set_high_column_start_address
                0x000000000000171c       0x3c ./User/driver_ssd1306.o
                0x000000000000171c                ssd1306_set_high_column_start_address
 .text.ssd1306_set_memory_addressing_mode
                0x0000000000001758       0x34 ./User/driver_ssd1306.o
                0x0000000000001758                ssd1306_set_memory_addressing_mode
 .text.ssd1306_set_column_address_range
                0x000000000000178c       0x70 ./User/driver_ssd1306.o
                0x000000000000178c                ssd1306_set_column_address_range
 .text.ssd1306_set_page_address_range
                0x00000000000017fc       0x66 ./User/driver_ssd1306.o
                0x00000000000017fc                ssd1306_set_page_address_range
 .text.ssd1306_set_fade_blinking_mode
                0x0000000000001862       0x52 ./User/driver_ssd1306.o
                0x0000000000001862                ssd1306_set_fade_blinking_mode
 .text.ssd1306_set_right_horizontal_scroll
                0x00000000000018b4       0x76 ./User/driver_ssd1306.o
                0x00000000000018b4                ssd1306_set_right_horizontal_scroll
 .text.ssd1306_set_left_horizontal_scroll
                0x000000000000192a       0x76 ./User/driver_ssd1306.o
                0x000000000000192a                ssd1306_set_left_horizontal_scroll
 .text.ssd1306_set_vertical_right_horizontal_scroll
                0x00000000000019a0       0x88 ./User/driver_ssd1306.o
                0x00000000000019a0                ssd1306_set_vertical_right_horizontal_scroll
 .text.ssd1306_set_vertical_left_horizontal_scroll
                0x0000000000001a28       0x88 ./User/driver_ssd1306.o
                0x0000000000001a28                ssd1306_set_vertical_left_horizontal_scroll
 .text.ssd1306_deactivate_scroll
                0x0000000000001ab0       0x1e ./User/driver_ssd1306.o
                0x0000000000001ab0                ssd1306_deactivate_scroll
 .text.ssd1306_activate_scroll
                0x0000000000001ace       0x1e ./User/driver_ssd1306.o
                0x0000000000001ace                ssd1306_activate_scroll
 .text.ssd1306_set_display_start_line
                0x0000000000001aec       0x3e ./User/driver_ssd1306.o
                0x0000000000001aec                ssd1306_set_display_start_line
 .text.ssd1306_set_contrast
                0x0000000000001b2a       0x34 ./User/driver_ssd1306.o
                0x0000000000001b2a                ssd1306_set_contrast
 .text.ssd1306_set_charge_pump
                0x0000000000001b5e       0x3a ./User/driver_ssd1306.o
                0x0000000000001b5e                ssd1306_set_charge_pump
 .text.ssd1306_set_segment_remap
                0x0000000000001b98       0x26 ./User/driver_ssd1306.o
                0x0000000000001b98                ssd1306_set_segment_remap
 .text.ssd1306_set_entire_display
                0x0000000000001bbe       0x26 ./User/driver_ssd1306.o
                0x0000000000001bbe                ssd1306_set_entire_display
 .text.ssd1306_set_display_mode
                0x0000000000001be4       0x26 ./User/driver_ssd1306.o
                0x0000000000001be4                ssd1306_set_display_mode
 .text.ssd1306_set_multiplex_ratio
                0x0000000000001c0a       0x66 ./User/driver_ssd1306.o
                0x0000000000001c0a                ssd1306_set_multiplex_ratio
 .text.ssd1306_set_display
                0x0000000000001c70       0x26 ./User/driver_ssd1306.o
                0x0000000000001c70                ssd1306_set_display
 .text.ssd1306_set_scan_direction
                0x0000000000001c96       0x26 ./User/driver_ssd1306.o
                0x0000000000001c96                ssd1306_set_scan_direction
 .text.ssd1306_set_display_offset
                0x0000000000001cbc       0x50 ./User/driver_ssd1306.o
                0x0000000000001cbc                ssd1306_set_display_offset
 .text.ssd1306_set_display_clock
                0x0000000000001d0c       0x66 ./User/driver_ssd1306.o
                0x0000000000001d0c                ssd1306_set_display_clock
 .text.ssd1306_set_zoom_in
                0x0000000000001d72       0x34 ./User/driver_ssd1306.o
                0x0000000000001d72                ssd1306_set_zoom_in
 .text.ssd1306_set_precharge_period
                0x0000000000001da6       0x66 ./User/driver_ssd1306.o
                0x0000000000001da6                ssd1306_set_precharge_period
 .text.ssd1306_set_com_pins_hardware_conf
                0x0000000000001e0c       0x3e ./User/driver_ssd1306.o
                0x0000000000001e0c                ssd1306_set_com_pins_hardware_conf
 .text.ssd1306_set_deselect_level
                0x0000000000001e4a       0x36 ./User/driver_ssd1306.o
                0x0000000000001e4a                ssd1306_set_deselect_level
 .text.ssd1306_info
                0x0000000000001e80       0x9c ./User/driver_ssd1306.o
                0x0000000000001e80                ssd1306_info
 .text.ssd1306_basic_deinit
                0x0000000000001f1c       0x16 ./User/driver_ssd1306_basic.o
                0x0000000000001f1c                ssd1306_basic_deinit
 .text.ssd1306_display_test
                0x0000000000001f32      0xab4 ./User/driver_ssd1306_display_test.o
                0x0000000000001f32                ssd1306_display_test
 .text.ssd1306_interface_iic_init
                0x00000000000029e6       0x1a ./User/driver_ssd1306_interface.o
                0x00000000000029e6                ssd1306_interface_iic_init
 .text.ssd1306_interface_iic_deinit
                0x0000000000002a00        0x4 ./User/driver_ssd1306_interface.o
                0x0000000000002a00                ssd1306_interface_iic_deinit
 .text.ssd1306_interface_iic_write
                0x0000000000002a04       0x9a ./User/driver_ssd1306_interface.o
                0x0000000000002a04                ssd1306_interface_iic_write
 .text.ssd1306_interface_spi_init
                0x0000000000002a9e        0x4 ./User/driver_ssd1306_interface.o
                0x0000000000002a9e                ssd1306_interface_spi_init
 .text.ssd1306_interface_spi_deinit
                0x0000000000002aa2        0x4 ./User/driver_ssd1306_interface.o
                0x0000000000002aa2                ssd1306_interface_spi_deinit
 .text.ssd1306_interface_spi_write_cmd
                0x0000000000002aa6        0x4 ./User/driver_ssd1306_interface.o
                0x0000000000002aa6                ssd1306_interface_spi_write_cmd
 .text.ssd1306_interface_delay_ms
                0x0000000000002aaa        0xc ./User/driver_ssd1306_interface.o
                0x0000000000002aaa                ssd1306_interface_delay_ms
 .text.ssd1306_interface_debug_print
                0x0000000000002ab6       0x24 ./User/driver_ssd1306_interface.o
                0x0000000000002ab6                ssd1306_interface_debug_print
 .text.ssd1306_interface_spi_cmd_data_gpio_init
                0x0000000000002ada        0x4 ./User/driver_ssd1306_interface.o
                0x0000000000002ada                ssd1306_interface_spi_cmd_data_gpio_init
 .text.ssd1306_interface_spi_cmd_data_gpio_deinit
                0x0000000000002ade        0x4 ./User/driver_ssd1306_interface.o
                0x0000000000002ade                ssd1306_interface_spi_cmd_data_gpio_deinit
 .text.ssd1306_interface_spi_cmd_data_gpio_write
                0x0000000000002ae2        0x4 ./User/driver_ssd1306_interface.o
                0x0000000000002ae2                ssd1306_interface_spi_cmd_data_gpio_write
 .text.ssd1306_interface_reset_gpio_init
                0x0000000000002ae6        0x4 ./User/driver_ssd1306_interface.o
                0x0000000000002ae6                ssd1306_interface_reset_gpio_init
 .text.ssd1306_interface_reset_gpio_deinit
                0x0000000000002aea        0x4 ./User/driver_ssd1306_interface.o
                0x0000000000002aea                ssd1306_interface_reset_gpio_deinit
 .text.ssd1306_interface_reset_gpio_write
                0x0000000000002aee        0x4 ./User/driver_ssd1306_interface.o
                0x0000000000002aee                ssd1306_interface_reset_gpio_write
 .text.GPIOA_ModeCfg
                0x0000000000002af2       0xa6 ./StdPeriphDriver/CH59x_gpio.o
                0x0000000000002af2                GPIOA_ModeCfg
 .text.GPIOB_ModeCfg
                0x0000000000002b98       0xa6 ./StdPeriphDriver/CH59x_gpio.o
                0x0000000000002b98                GPIOB_ModeCfg
 .text.I2C_GenerateSTART
                0x0000000000002c3e       0x22 ./StdPeriphDriver/CH59x_i2c.o
                0x0000000000002c3e                I2C_GenerateSTART
 .text.I2C_GenerateSTOP
                0x0000000000002c60       0x22 ./StdPeriphDriver/CH59x_i2c.o
                0x0000000000002c60                I2C_GenerateSTOP
 .text.I2C_AcknowledgeConfig
                0x0000000000002c82       0x22 ./StdPeriphDriver/CH59x_i2c.o
                0x0000000000002c82                I2C_AcknowledgeConfig
 .text.I2C_ITConfig
                0x0000000000002ca4       0x1e ./StdPeriphDriver/CH59x_i2c.o
                0x0000000000002ca4                I2C_ITConfig
 .text.I2C_SendData
                0x0000000000002cc2        0xa ./StdPeriphDriver/CH59x_i2c.o
                0x0000000000002cc2                I2C_SendData
 .text.I2C_ReceiveData
                0x0000000000002ccc        0xe ./StdPeriphDriver/CH59x_i2c.o
                0x0000000000002ccc                I2C_ReceiveData
 .text.I2C_SoftwareResetCmd
                0x0000000000002cda       0x1a ./StdPeriphDriver/CH59x_i2c.o
                0x0000000000002cda                I2C_SoftwareResetCmd
 .text.I2C_Init
                0x0000000000002cf4      0x156 ./StdPeriphDriver/CH59x_i2c.o
                0x0000000000002cf4                I2C_Init
 .text.I2C_GetLastEvent
                0x0000000000002e4a       0x16 ./StdPeriphDriver/CH59x_i2c.o
                0x0000000000002e4a                I2C_GetLastEvent
 .text.I2C_ClearFlag
                0x0000000000002e60       0x12 ./StdPeriphDriver/CH59x_i2c.o
                0x0000000000002e60                I2C_ClearFlag
 .text.GetSysClock
                0x0000000000002e72       0x40 ./StdPeriphDriver/CH59x_sys.o
                0x0000000000002e72                GetSysClock
 .text._write   0x0000000000002eb2       0x28 ./StdPeriphDriver/CH59x_sys.o
                0x0000000000002eb2                _write
 .text._sbrk    0x0000000000002eda       0x30 ./StdPeriphDriver/CH59x_sys.o
                0x0000000000002eda                _sbrk
 .text.UART1_BaudRateCfg
                0x0000000000002f0a       0x30 ./StdPeriphDriver/CH59x_uart1.o
                0x0000000000002f0a                UART1_BaudRateCfg
 .text.UART1_DefInit
                0x0000000000002f3a       0x32 ./StdPeriphDriver/CH59x_uart1.o
                0x0000000000002f3a                UART1_DefInit
 .text.__extendsfdf2
                0x0000000000002f6c       0xac c:/mounriver/mounriver_studio2/resources/app/resources/win32/components/wch/toolchain/risc-v embedded gcc/bin/../lib/gcc/riscv-none-embed/8.2.0/rv32imac/ilp32\libgcc.a(extendsfdf2.o)
                0x0000000000002f6c                __extendsfdf2
 .text.__clzsi2
                0x0000000000003018       0x76 c:/mounriver/mounriver_studio2/resources/app/resources/win32/components/wch/toolchain/risc-v embedded gcc/bin/../lib/gcc/riscv-none-embed/8.2.0/rv32imac/ilp32\libgcc.a(_clzsi2.o)
                0x0000000000003018                __clzsi2
 .text.memcpy   0x000000000000308e       0xb6 c:/mounriver/mounriver_studio2/resources/app/resources/win32/components/wch/toolchain/risc-v embedded gcc/bin/../lib/gcc/riscv-none-embed/8.2.0/../../../../riscv-none-embed/lib/rv32imac/ilp32\libg_nano.a(lib_a-memcpy.o)
                0x000000000000308e                memcpy
 .text.printf   0x0000000000003144       0x42 c:/mounriver/mounriver_studio2/resources/app/resources/win32/components/wch/toolchain/risc-v embedded gcc/bin/../lib/gcc/riscv-none-embed/8.2.0/../../../../riscv-none-embed/lib/rv32imac/ilp32\libg_nano.a(lib_a-printf.o)
                0x0000000000003144                iprintf
                0x0000000000003144                printf
 .text.rand     0x0000000000003186       0x8a c:/mounriver/mounriver_studio2/resources/app/resources/win32/components/wch/toolchain/risc-v embedded gcc/bin/../lib/gcc/riscv-none-embed/8.2.0/../../../../riscv-none-embed/lib/rv32imac/ilp32\libg_nano.a(lib_a-rand.o)
                0x0000000000003186                rand
 .text.strlen   0x0000000000003210       0x12 c:/mounriver/mounriver_studio2/resources/app/resources/win32/components/wch/toolchain/risc-v embedded gcc/bin/../lib/gcc/riscv-none-embed/8.2.0/../../../../riscv-none-embed/lib/rv32imac/ilp32\libg_nano.a(lib_a-strlen.o)
                0x0000000000003210                strlen
 .text.strncpy  0x0000000000003222       0x24 c:/mounriver/mounriver_studio2/resources/app/resources/win32/components/wch/toolchain/risc-v embedded gcc/bin/../lib/gcc/riscv-none-embed/8.2.0/../../../../riscv-none-embed/lib/rv32imac/ilp32\libg_nano.a(lib_a-strncpy.o)
                0x0000000000003222                strncpy
 .text.std      0x0000000000003246       0x6a c:/mounriver/mounriver_studio2/resources/app/resources/win32/components/wch/toolchain/risc-v embedded gcc/bin/../lib/gcc/riscv-none-embed/8.2.0/../../../../riscv-none-embed/lib/rv32imac/ilp32\libg_nano.a(lib_a-findfp.o)
 .text._cleanup_r
                0x00000000000032b0        0xa c:/mounriver/mounriver_studio2/resources/app/resources/win32/components/wch/toolchain/risc-v embedded gcc/bin/../lib/gcc/riscv-none-embed/8.2.0/../../../../riscv-none-embed/lib/rv32imac/ilp32\libg_nano.a(lib_a-findfp.o)
                0x00000000000032b0                _cleanup_r
 .text.__sfmoreglue
                0x00000000000032ba       0x46 c:/mounriver/mounriver_studio2/resources/app/resources/win32/components/wch/toolchain/risc-v embedded gcc/bin/../lib/gcc/riscv-none-embed/8.2.0/../../../../riscv-none-embed/lib/rv32imac/ilp32\libg_nano.a(lib_a-findfp.o)
                0x00000000000032ba                __sfmoreglue
 .text.__sinit  0x0000000000003300       0x6a c:/mounriver/mounriver_studio2/resources/app/resources/win32/components/wch/toolchain/risc-v embedded gcc/bin/../lib/gcc/riscv-none-embed/8.2.0/../../../../riscv-none-embed/lib/rv32imac/ilp32\libg_nano.a(lib_a-findfp.o)
                0x0000000000003300                __sinit
 .text.__sfp    0x000000000000336a       0xa0 c:/mounriver/mounriver_studio2/resources/app/resources/win32/components/wch/toolchain/risc-v embedded gcc/bin/../lib/gcc/riscv-none-embed/8.2.0/../../../../riscv-none-embed/lib/rv32imac/ilp32\libg_nano.a(lib_a-findfp.o)
                0x000000000000336a                __sfp
 .text._fwalk_reent
                0x000000000000340a       0x6c c:/mounriver/mounriver_studio2/resources/app/resources/win32/components/wch/toolchain/risc-v embedded gcc/bin/../lib/gcc/riscv-none-embed/8.2.0/../../../../riscv-none-embed/lib/rv32imac/ilp32\libg_nano.a(lib_a-fwalk.o)
                0x000000000000340a                _fwalk_reent
 .text.malloc   0x0000000000003476        0xe c:/mounriver/mounriver_studio2/resources/app/resources/win32/components/wch/toolchain/risc-v embedded gcc/bin/../lib/gcc/riscv-none-embed/8.2.0/../../../../riscv-none-embed/lib/rv32imac/ilp32\libg_nano.a(lib_a-malloc.o)
                0x0000000000003476                malloc
 .text._free_r  0x0000000000003484       0xa8 c:/mounriver/mounriver_studio2/resources/app/resources/win32/components/wch/toolchain/risc-v embedded gcc/bin/../lib/gcc/riscv-none-embed/8.2.0/../../../../riscv-none-embed/lib/rv32imac/ilp32\libg_nano.a(lib_a-nano-freer.o)
                0x0000000000003484                _free_r
 .text._malloc_r
                0x000000000000352c       0xd4 c:/mounriver/mounriver_studio2/resources/app/resources/win32/components/wch/toolchain/risc-v embedded gcc/bin/../lib/gcc/riscv-none-embed/8.2.0/../../../../riscv-none-embed/lib/rv32imac/ilp32\libg_nano.a(lib_a-nano-mallocr.o)
                0x000000000000352c                _malloc_r
 .text.__sfputc_r
                0x0000000000003600       0x28 c:/mounriver/mounriver_studio2/resources/app/resources/win32/components/wch/toolchain/risc-v embedded gcc/bin/../lib/gcc/riscv-none-embed/8.2.0/../../../../riscv-none-embed/lib/rv32imac/ilp32\libg_nano.a(lib_a-nano-vfprintf.o)
 .text.__sfputs_r
                0x0000000000003628       0x42 c:/mounriver/mounriver_studio2/resources/app/resources/win32/components/wch/toolchain/risc-v embedded gcc/bin/../lib/gcc/riscv-none-embed/8.2.0/../../../../riscv-none-embed/lib/rv32imac/ilp32\libg_nano.a(lib_a-nano-vfprintf.o)
                0x0000000000003628                __sfputs_r
 .text._vfprintf_r
                0x000000000000366a      0x29e c:/mounriver/mounriver_studio2/resources/app/resources/win32/components/wch/toolchain/risc-v embedded gcc/bin/../lib/gcc/riscv-none-embed/8.2.0/../../../../riscv-none-embed/lib/rv32imac/ilp32\libg_nano.a(lib_a-nano-vfprintf.o)
                0x000000000000366a                _vfprintf_r
                0x000000000000366a                _vfiprintf_r
 .text._printf_common
                0x0000000000003908      0x10c c:/mounriver/mounriver_studio2/resources/app/resources/win32/components/wch/toolchain/risc-v embedded gcc/bin/../lib/gcc/riscv-none-embed/8.2.0/../../../../riscv-none-embed/lib/rv32imac/ilp32\libg_nano.a(lib_a-nano-vfprintf_i.o)
                0x0000000000003908                _printf_common
 .text._printf_i
                0x0000000000003a14      0x2aa c:/mounriver/mounriver_studio2/resources/app/resources/win32/components/wch/toolchain/risc-v embedded gcc/bin/../lib/gcc/riscv-none-embed/8.2.0/../../../../riscv-none-embed/lib/rv32imac/ilp32\libg_nano.a(lib_a-nano-vfprintf_i.o)
                0x0000000000003a14                _printf_i
 .text._sbrk_r  0x0000000000003cbe       0x2a c:/mounriver/mounriver_studio2/resources/app/resources/win32/components/wch/toolchain/risc-v embedded gcc/bin/../lib/gcc/riscv-none-embed/8.2.0/../../../../riscv-none-embed/lib/rv32imac/ilp32\libg_nano.a(lib_a-sbrkr.o)
                0x0000000000003cbe                _sbrk_r
 .text.__sread  0x0000000000003ce8       0x30 c:/mounriver/mounriver_studio2/resources/app/resources/win32/components/wch/toolchain/risc-v embedded gcc/bin/../lib/gcc/riscv-none-embed/8.2.0/../../../../riscv-none-embed/lib/rv32imac/ilp32\libg_nano.a(lib_a-stdio.o)
                0x0000000000003ce8                __sread
 .text.__swrite
                0x0000000000003d18       0x4e c:/mounriver/mounriver_studio2/resources/app/resources/win32/components/wch/toolchain/risc-v embedded gcc/bin/../lib/gcc/riscv-none-embed/8.2.0/../../../../riscv-none-embed/lib/rv32imac/ilp32\libg_nano.a(lib_a-stdio.o)
                0x0000000000003d18                __swrite
 .text.__sseek  0x0000000000003d66       0x36 c:/mounriver/mounriver_studio2/resources/app/resources/win32/components/wch/toolchain/risc-v embedded gcc/bin/../lib/gcc/riscv-none-embed/8.2.0/../../../../riscv-none-embed/lib/rv32imac/ilp32\libg_nano.a(lib_a-stdio.o)
                0x0000000000003d66                __sseek
 .text.__sclose
                0x0000000000003d9c        0x6 c:/mounriver/mounriver_studio2/resources/app/resources/win32/components/wch/toolchain/risc-v embedded gcc/bin/../lib/gcc/riscv-none-embed/8.2.0/../../../../riscv-none-embed/lib/rv32imac/ilp32\libg_nano.a(lib_a-stdio.o)
                0x0000000000003d9c                __sclose
 .text.__swbuf_r
                0x0000000000003da2       0xc2 c:/mounriver/mounriver_studio2/resources/app/resources/win32/components/wch/toolchain/risc-v embedded gcc/bin/../lib/gcc/riscv-none-embed/8.2.0/../../../../riscv-none-embed/lib/rv32imac/ilp32\libg_nano.a(lib_a-wbuf.o)
                0x0000000000003da2                __swbuf_r
 .text._write_r
                0x0000000000003e64       0x2e c:/mounriver/mounriver_studio2/resources/app/resources/win32/components/wch/toolchain/risc-v embedded gcc/bin/../lib/gcc/riscv-none-embed/8.2.0/../../../../riscv-none-embed/lib/rv32imac/ilp32\libg_nano.a(lib_a-writer.o)
                0x0000000000003e64                _write_r
 .text.__swsetup_r
                0x0000000000003e92      0x114 c:/mounriver/mounriver_studio2/resources/app/resources/win32/components/wch/toolchain/risc-v embedded gcc/bin/../lib/gcc/riscv-none-embed/8.2.0/../../../../riscv-none-embed/lib/rv32imac/ilp32\libg_nano.a(lib_a-wsetup.o)
                0x0000000000003e92                __swsetup_r
 .text._close_r
                0x0000000000003fa6       0x28 c:/mounriver/mounriver_studio2/resources/app/resources/win32/components/wch/toolchain/risc-v embedded gcc/bin/../lib/gcc/riscv-none-embed/8.2.0/../../../../riscv-none-embed/lib/rv32imac/ilp32\libg_nano.a(lib_a-closer.o)
                0x0000000000003fa6                _close_r
 .text.__sflush_r
                0x0000000000003fce      0x13e c:/mounriver/mounriver_studio2/resources/app/resources/win32/components/wch/toolchain/risc-v embedded gcc/bin/../lib/gcc/riscv-none-embed/8.2.0/../../../../riscv-none-embed/lib/rv32imac/ilp32\libg_nano.a(lib_a-fflush.o)
                0x0000000000003fce                __sflush_r
 .text._fflush_r
                0x000000000000410c       0x66 c:/mounriver/mounriver_studio2/resources/app/resources/win32/components/wch/toolchain/risc-v embedded gcc/bin/../lib/gcc/riscv-none-embed/8.2.0/../../../../riscv-none-embed/lib/rv32imac/ilp32\libg_nano.a(lib_a-fflush.o)
                0x000000000000410c                _fflush_r
 .text._lseek_r
                0x0000000000004172       0x2c c:/mounriver/mounriver_studio2/resources/app/resources/win32/components/wch/toolchain/risc-v embedded gcc/bin/../lib/gcc/riscv-none-embed/8.2.0/../../../../riscv-none-embed/lib/rv32imac/ilp32\libg_nano.a(lib_a-lseekr.o)
                0x0000000000004172                _lseek_r
 .text.__swhatbuf_r
                0x000000000000419e       0x58 c:/mounriver/mounriver_studio2/resources/app/resources/win32/components/wch/toolchain/risc-v embedded gcc/bin/../lib/gcc/riscv-none-embed/8.2.0/../../../../riscv-none-embed/lib/rv32imac/ilp32\libg_nano.a(lib_a-makebuf.o)
                0x000000000000419e                __swhatbuf_r
 .text.__smakebuf_r
                0x00000000000041f6       0x9e c:/mounriver/mounriver_studio2/resources/app/resources/win32/components/wch/toolchain/risc-v embedded gcc/bin/../lib/gcc/riscv-none-embed/8.2.0/../../../../riscv-none-embed/lib/rv32imac/ilp32\libg_nano.a(lib_a-makebuf.o)
                0x00000000000041f6                __smakebuf_r
 .text.memchr   0x0000000000004294       0x1a c:/mounriver/mounriver_studio2/resources/app/resources/win32/components/wch/toolchain/risc-v embedded gcc/bin/../lib/gcc/riscv-none-embed/8.2.0/../../../../riscv-none-embed/lib/rv32imac/ilp32\libg_nano.a(lib_a-memchr.o)
                0x0000000000004294                memchr
 .text.__malloc_lock
                0x00000000000042ae        0x2 c:/mounriver/mounriver_studio2/resources/app/resources/win32/components/wch/toolchain/risc-v embedded gcc/bin/../lib/gcc/riscv-none-embed/8.2.0/../../../../riscv-none-embed/lib/rv32imac/ilp32\libg_nano.a(lib_a-mlock.o)
                0x00000000000042ae                __malloc_lock
 .text.__malloc_unlock
                0x00000000000042b0        0x2 c:/mounriver/mounriver_studio2/resources/app/resources/win32/components/wch/toolchain/risc-v embedded gcc/bin/../lib/gcc/riscv-none-embed/8.2.0/../../../../riscv-none-embed/lib/rv32imac/ilp32\libg_nano.a(lib_a-mlock.o)
                0x00000000000042b0                __malloc_unlock
 .text._read_r  0x00000000000042b2       0x2c c:/mounriver/mounriver_studio2/resources/app/resources/win32/components/wch/toolchain/risc-v embedded gcc/bin/../lib/gcc/riscv-none-embed/8.2.0/../../../../riscv-none-embed/lib/rv32imac/ilp32\libg_nano.a(lib_a-readr.o)
                0x00000000000042b2                _read_r
 .text._fstat_r
                0x00000000000042de       0x2a c:/mounriver/mounriver_studio2/resources/app/resources/win32/components/wch/toolchain/risc-v embedded gcc/bin/../lib/gcc/riscv-none-embed/8.2.0/../../../../riscv-none-embed/lib/rv32imac/ilp32\libg_nano.a(lib_a-fstatr.o)
                0x00000000000042de                _fstat_r
 .text._isatty_r
                0x0000000000004308       0x28 c:/mounriver/mounriver_studio2/resources/app/resources/win32/components/wch/toolchain/risc-v embedded gcc/bin/../lib/gcc/riscv-none-embed/8.2.0/../../../../riscv-none-embed/lib/rv32imac/ilp32\libg_nano.a(lib_a-isattyr.o)
                0x0000000000004308                _isatty_r
 .text._close   0x0000000000004330        0xc c:/mounriver/mounriver_studio2/resources/app/resources/win32/components/wch/toolchain/risc-v embedded gcc/bin/../lib/gcc/riscv-none-embed/8.2.0/../../../../riscv-none-embed/lib/rv32imac/ilp32\libnosys.a(close.o)
                0x0000000000004330                _close
 .text._fstat   0x000000000000433c        0xc c:/mounriver/mounriver_studio2/resources/app/resources/win32/components/wch/toolchain/risc-v embedded gcc/bin/../lib/gcc/riscv-none-embed/8.2.0/../../../../riscv-none-embed/lib/rv32imac/ilp32\libnosys.a(fstat.o)
                0x000000000000433c                _fstat
 .text._isatty  0x0000000000004348        0xc c:/mounriver/mounriver_studio2/resources/app/resources/win32/components/wch/toolchain/risc-v embedded gcc/bin/../lib/gcc/riscv-none-embed/8.2.0/../../../../riscv-none-embed/lib/rv32imac/ilp32\libnosys.a(isatty.o)
                0x0000000000004348                _isatty
 .text._lseek   0x0000000000004354        0xc c:/mounriver/mounriver_studio2/resources/app/resources/win32/components/wch/toolchain/risc-v embedded gcc/bin/../lib/gcc/riscv-none-embed/8.2.0/../../../../riscv-none-embed/lib/rv32imac/ilp32\libnosys.a(lseek.o)
                0x0000000000004354                _lseek
 .text._read    0x0000000000004360        0xc c:/mounriver/mounriver_studio2/resources/app/resources/win32/components/wch/toolchain/risc-v embedded gcc/bin/../lib/gcc/riscv-none-embed/8.2.0/../../../../riscv-none-embed/lib/rv32imac/ilp32\libnosys.a(read.o)
                0x0000000000004360                _read
 *(.rodata)
 *(.rodata*)
 *fill*         0x000000000000436c        0x0 
 .rodata.gsc_ssd1306_ascii_1206
                0x000000000000436c      0x474 ./User/driver_ssd1306.o
 .rodata.gsc_ssd1306_ascii_1608
                0x00000000000047e0      0x5f0 ./User/driver_ssd1306.o
 .rodata.gsc_ssd1306_ascii_2412
                0x0000000000004dd0      0xd5c ./User/driver_ssd1306.o
 .rodata.ssd1306_clear.str1.4
                0x0000000000005b2c       0x1d ./User/driver_ssd1306.o
 *fill*         0x0000000000005b49        0x3 
 .rodata.ssd1306_deinit.str1.4
                0x0000000000005b4c       0xad ./User/driver_ssd1306.o
 *fill*         0x0000000000005bf9        0x3 
 .rodata.ssd1306_gram_fill_rect.str1.4
                0x0000000000005bfc       0x74 ./User/driver_ssd1306.o
 .rodata.ssd1306_info.cst4
                0x0000000000005c70       0x14 ./User/driver_ssd1306.o
 .rodata.ssd1306_info.str1.4
                0x0000000000005c84       0x30 ./User/driver_ssd1306.o
 .rodata.ssd1306_init.str1.4
                0x0000000000005cb4      0x298 ./User/driver_ssd1306.o
 .rodata.ssd1306_set_column_address_range.str1.4
                0x0000000000005f4c       0x43 ./User/driver_ssd1306.o
 *fill*         0x0000000000005f8f        0x1 
 .rodata.ssd1306_set_display_clock.str1.4
                0x0000000000005f90       0x4f ./User/driver_ssd1306.o
 *fill*         0x0000000000005fdf        0x1 
 .rodata.ssd1306_set_display_offset.str1.4
                0x0000000000005fe0       0x1d ./User/driver_ssd1306.o
 *fill*         0x0000000000005ffd        0x3 
 .rodata.ssd1306_set_display_start_line.str1.4
                0x0000000000006000       0x1b ./User/driver_ssd1306.o
 *fill*         0x000000000000601b        0x1 
 .rodata.ssd1306_set_fade_blinking_mode.str1.4
                0x000000000000601c       0x1d ./User/driver_ssd1306.o
 *fill*         0x0000000000006039        0x3 
 .rodata.ssd1306_set_left_horizontal_scroll.str1.4
                0x000000000000603c       0x4c ./User/driver_ssd1306.o
 .rodata.ssd1306_set_low_column_start_address.str1.4
                0x0000000000006088       0x1b ./User/driver_ssd1306.o
 *fill*         0x00000000000060a3        0x1 
 .rodata.ssd1306_set_multiplex_ratio.str1.4
                0x00000000000060a4       0x46 ./User/driver_ssd1306.o
 *fill*         0x00000000000060ea        0x2 
 .rodata.ssd1306_set_precharge_period.str1.4
                0x00000000000060ec       0x48 ./User/driver_ssd1306.o
 .rodata.ssd1306_set_right_horizontal_scroll.str1.4
                0x0000000000006134       0x4c ./User/driver_ssd1306.o
 .rodata.ssd1306_set_vertical_right_horizontal_scroll.str1.4
                0x0000000000006180       0x1b ./User/driver_ssd1306.o
 *fill*         0x000000000000619b        0x1 
 .rodata.ssd1306_write_point.str1.4
                0x000000000000619c       0x1d ./User/driver_ssd1306.o
 *fill*         0x00000000000061b9        0x3 
 .rodata.ssd1306_display_test.str1.4
                0x00000000000061bc      0x8c5 ./User/driver_ssd1306_display_test.o
 *fill*         0x0000000000006a81        0x3 
 .rodata.ssd1306_interface_debug_print.str1.4
                0x0000000000006a84        0x3 ./User/driver_ssd1306_interface.o
 *fill*         0x0000000000006a87        0x1 
 .rodata.GPIOA_ModeCfg
                0x0000000000006a88       0x14 ./StdPeriphDriver/CH59x_gpio.o
 .rodata.GPIOB_ModeCfg
                0x0000000000006a9c       0x14 ./StdPeriphDriver/CH59x_gpio.o
 .rodata.__clz_tab
                0x0000000000006ab0      0x100 c:/mounriver/mounriver_studio2/resources/app/resources/win32/components/wch/toolchain/risc-v embedded gcc/bin/../lib/gcc/riscv-none-embed/8.2.0/rv32imac/ilp32\libgcc.a(_clz.o)
                0x0000000000006ab0                __clz_tab
 .rodata.__sf_fake_stderr
                0x0000000000006bb0       0x20 c:/mounriver/mounriver_studio2/resources/app/resources/win32/components/wch/toolchain/risc-v embedded gcc/bin/../lib/gcc/riscv-none-embed/8.2.0/../../../../riscv-none-embed/lib/rv32imac/ilp32\libg_nano.a(lib_a-findfp.o)
                0x0000000000006bb0                __sf_fake_stderr
 .rodata.__sf_fake_stdin
                0x0000000000006bd0       0x20 c:/mounriver/mounriver_studio2/resources/app/resources/win32/components/wch/toolchain/risc-v embedded gcc/bin/../lib/gcc/riscv-none-embed/8.2.0/../../../../riscv-none-embed/lib/rv32imac/ilp32\libg_nano.a(lib_a-findfp.o)
                0x0000000000006bd0                __sf_fake_stdin
 .rodata.__sf_fake_stdout
                0x0000000000006bf0       0x20 c:/mounriver/mounriver_studio2/resources/app/resources/win32/components/wch/toolchain/risc-v embedded gcc/bin/../lib/gcc/riscv-none-embed/8.2.0/../../../../riscv-none-embed/lib/rv32imac/ilp32\libg_nano.a(lib_a-findfp.o)
                0x0000000000006bf0                __sf_fake_stdout
 .rodata._vfprintf_r.str1.4
                0x0000000000006c10       0x13 c:/mounriver/mounriver_studio2/resources/app/resources/win32/components/wch/toolchain/risc-v embedded gcc/bin/../lib/gcc/riscv-none-embed/8.2.0/../../../../riscv-none-embed/lib/rv32imac/ilp32\libg_nano.a(lib_a-nano-vfprintf.o)
 *fill*         0x0000000000006c23        0x1 
 .rodata._printf_i.str1.4
                0x0000000000006c24       0x28 c:/mounriver/mounriver_studio2/resources/app/resources/win32/components/wch/toolchain/risc-v embedded gcc/bin/../lib/gcc/riscv-none-embed/8.2.0/../../../../riscv-none-embed/lib/rv32imac/ilp32\libg_nano.a(lib_a-nano-vfprintf_i.o)
                                         0x25 (size before relaxing)
 *(.sdata2.*)
 .sdata2._global_impure_ptr
                0x0000000000006c4c        0x4 c:/mounriver/mounriver_studio2/resources/app/resources/win32/components/wch/toolchain/risc-v embedded gcc/bin/../lib/gcc/riscv-none-embed/8.2.0/../../../../riscv-none-embed/lib/rv32imac/ilp32\libg_nano.a(lib_a-impure.o)
                0x0000000000006c4c                _global_impure_ptr
 *(.glue_7)
 *(.glue_7t)
 *(.gnu.linkonce.t.*)
                0x0000000000006c50                . = ALIGN (0x4)

.rela.dyn       0x0000000000006c50        0x0
 .rela.text._sbrk
                0x0000000000006c50        0x0 ./User/Main.o
 .rela.sdata.curbrk.3969
                0x0000000000006c50        0x0 ./User/Main.o
 .rela.init     0x0000000000006c50        0x0 ./User/Main.o
 .rela.vector   0x0000000000006c50        0x0 ./User/Main.o
 .rela.handle_reset
                0x0000000000006c50        0x0 ./User/Main.o
 .rela.text._vfprintf_r
                0x0000000000006c50        0x0 ./User/Main.o
 .rela.text._sbrk_r
                0x0000000000006c50        0x0 ./User/Main.o
 .rela.text._write_r
                0x0000000000006c50        0x0 ./User/Main.o
 .rela.text._close_r
                0x0000000000006c50        0x0 ./User/Main.o
 .rela.text._lseek_r
                0x0000000000006c50        0x0 ./User/Main.o
 .rela.text._read_r
                0x0000000000006c50        0x0 ./User/Main.o
 .rela.text._fstat_r
                0x0000000000006c50        0x0 ./User/Main.o
 .rela.text._isatty_r
                0x0000000000006c50        0x0 ./User/Main.o
 .rela.text._close
                0x0000000000006c50        0x0 ./User/Main.o
 .rela.text._fstat
                0x0000000000006c50        0x0 ./User/Main.o
 .rela.text._isatty
                0x0000000000006c50        0x0 ./User/Main.o
 .rela.text._lseek
                0x0000000000006c50        0x0 ./User/Main.o
 .rela.text._read
                0x0000000000006c50        0x0 ./User/Main.o

.fini           0x0000000000006c50        0x0
 *(SORT_NONE(.fini))
                0x0000000000006c50                . = ALIGN (0x4)
                [!provide]                        PROVIDE (_etext = .)
                [!provide]                        PROVIDE (_eitcm = .)

.preinit_array  0x0000000000006c50        0x0
                [!provide]                        PROVIDE (__preinit_array_start = .)
 *(.preinit_array)
                [!provide]                        PROVIDE (__preinit_array_end = .)

.init_array     0x0000000000006c50        0x0
                [!provide]                        PROVIDE (__init_array_start = .)
 *(SORT_BY_INIT_PRIORITY(.init_array.*) SORT_BY_INIT_PRIORITY(.ctors.*))
 *(.init_array EXCLUDE_FILE(*crtend?.o *crtend.o *crtbegin?.o *crtbegin.o) .ctors)
                [!provide]                        PROVIDE (__init_array_end = .)

.fini_array     0x0000000000006c50        0x0
                [!provide]                        PROVIDE (__fini_array_start = .)
 *(SORT_BY_INIT_PRIORITY(.fini_array.*) SORT_BY_INIT_PRIORITY(.dtors.*))
 *(.fini_array EXCLUDE_FILE(*crtend?.o *crtend.o *crtbegin?.o *crtbegin.o) .dtors)
                [!provide]                        PROVIDE (__fini_array_end = .)

.ctors
 *crtbegin.o(.ctors)
 *crtbegin?.o(.ctors)
 *(EXCLUDE_FILE(*crtend?.o *crtend.o) .ctors)
 *(SORT_BY_NAME(.ctors.*))
 *(.ctors)

.dtors
 *crtbegin.o(.dtors)
 *crtbegin?.o(.dtors)
 *(EXCLUDE_FILE(*crtend?.o *crtend.o) .dtors)
 *(SORT_BY_NAME(.dtors.*))
 *(.dtors)

.dalign         0x0000000020000b9c        0x0 load address 0x0000000000006c50
                0x0000000020000b9c                . = (ORIGIN (RAM) + SIZEOF (.highcode))

.dlalign        0x0000000000006c50        0x0
                0x0000000000006c50                . = ALIGN (0x4)
                0x0000000000006c50                PROVIDE (_data_lma = .)

.data           0x0000000020000b9c     0x206c load address 0x0000000000006c50
                0x0000000020000b9c                . = ALIGN (0x4)
                0x0000000020000b9c                PROVIDE (_data_vma = .)
 *(.gnu.linkonce.r.*)
 *(.data .data.*)
 .data.gs_image
                0x0000000020000b9c     0x2000 ./User/driver_ssd1306_display_test.o
 .data.impure_data
                0x0000000020002b9c       0x60 c:/mounriver/mounriver_studio2/resources/app/resources/win32/components/wch/toolchain/risc-v embedded gcc/bin/../lib/gcc/riscv-none-embed/8.2.0/../../../../riscv-none-embed/lib/rv32imac/ilp32\libg_nano.a(lib_a-impure.o)
 *(.gnu.linkonce.d.*)
                0x0000000020002c00                . = ALIGN (0x8)
 *fill*         0x0000000020002bfc        0x4 
                0x0000000020003400                PROVIDE (__global_pointer$ = (. + 0x800))
 *(.sdata .sdata.*)
 .sdata.curbrk.3969
                0x0000000020002c00        0x4 ./StdPeriphDriver/CH59x_sys.o
 .sdata._impure_ptr
                0x0000000020002c04        0x4 c:/mounriver/mounriver_studio2/resources/app/resources/win32/components/wch/toolchain/risc-v embedded gcc/bin/../lib/gcc/riscv-none-embed/8.2.0/../../../../riscv-none-embed/lib/rv32imac/ilp32\libg_nano.a(lib_a-impure.o)
                0x0000000020002c04                _impure_ptr
 *(.gnu.linkonce.s.*)
                0x0000000020002c08                . = ALIGN (0x8)
 *(.srodata.cst16)
 *(.srodata.cst8)
 *(.srodata.cst4)
 *(.srodata.cst2)
 *(.srodata .srodata.*)
                0x0000000020002c08                . = ALIGN (0x4)
                0x0000000020002c08                PROVIDE (_edata = .)

.bss            0x0000000020002c08      0xa14 load address 0x0000000000008cbc
                0x0000000020002c08                . = ALIGN (0x4)
                0x0000000020002c08                PROVIDE (_sbss = .)
 *(.sbss*)
 .sbss.i2c_error
                0x0000000020002c08        0x1 ./User/app_i2c.o
 .sbss.i2c_in_repstart
                0x0000000020002c09        0x1 ./User/app_i2c.o
 .sbss.i2c_master_buffer_index
                0x0000000020002c0a        0x1 ./User/app_i2c.o
 .sbss.i2c_master_buffer_length
                0x0000000020002c0b        0x1 ./User/app_i2c.o
 .sbss.i2c_send_stop
                0x0000000020002c0c        0x1 ./User/app_i2c.o
 .sbss.i2c_slave_addr_rw
                0x0000000020002c0d        0x1 ./User/app_i2c.o
 .sbss.i2c_slave_rxbuffer_index
                0x0000000020002c0e        0x1 ./User/app_i2c.o
 .sbss.i2c_slave_txbuffer_index
                0x0000000020002c0f        0x1 ./User/app_i2c.o
 .sbss.i2c_slave_txbuffer_length
                0x0000000020002c10        0x1 ./User/app_i2c.o
 .sbss.i2c_state
                0x0000000020002c11        0x1 ./User/app_i2c.o
 .sbss.is_nack_sent
                0x0000000020002c12        0x1 ./User/app_i2c.o
 *fill*         0x0000000020002c13        0x1 
 .sbss.slave_cb
                0x0000000020002c14        0x4 ./User/app_i2c.o
 .sbss.__malloc_free_list
                0x0000000020002c18        0x4 c:/mounriver/mounriver_studio2/resources/app/resources/win32/components/wch/toolchain/risc-v embedded gcc/bin/../lib/gcc/riscv-none-embed/8.2.0/../../../../riscv-none-embed/lib/rv32imac/ilp32\libg_nano.a(lib_a-nano-mallocr.o)
                0x0000000020002c18                __malloc_free_list
 .sbss.__malloc_sbrk_start
                0x0000000020002c1c        0x4 c:/mounriver/mounriver_studio2/resources/app/resources/win32/components/wch/toolchain/risc-v embedded gcc/bin/../lib/gcc/riscv-none-embed/8.2.0/../../../../riscv-none-embed/lib/rv32imac/ilp32\libg_nano.a(lib_a-nano-mallocr.o)
                0x0000000020002c1c                __malloc_sbrk_start
 *(.gnu.linkonce.sb.*)
 *(.bss*)
 .bss.i2c_master_buffer
                0x0000000020002c20       0x80 ./User/app_i2c.o
 .bss.i2c_slave_rxbuffer
                0x0000000020002ca0       0x80 ./User/app_i2c.o
 .bss.i2c_slave_txbuffer
                0x0000000020002d20       0x80 ./User/app_i2c.o
 .bss.gs_handle
                0x0000000020002da0      0x43c ./User/driver_ssd1306_basic.o
 .bss.gs_handle
                0x00000000200031dc      0x43c ./User/driver_ssd1306_display_test.o
 *(.gnu.linkonce.b.*)
 *(COMMON*)
 COMMON         0x0000000020003618        0x4 c:/mounriver/mounriver_studio2/resources/app/resources/win32/components/wch/toolchain/risc-v embedded gcc/bin/../lib/gcc/riscv-none-embed/8.2.0/../../../../riscv-none-embed/lib/rv32imac/ilp32\libg_nano.a(lib_a-reent.o)
                0x0000000020003618                errno
                0x000000002000361c                . = ALIGN (0x4)
                0x000000002000361c                PROVIDE (_ebss = .)
                0x000000002000361c                PROVIDE (_end = _ebss)
                [!provide]                        PROVIDE (end = .)

.stack          0x0000000020006600      0x200
                0x0000000020006600                PROVIDE (_heap_end = .)
                0x0000000020006600                . = ALIGN (0x4)
                [!provide]                        PROVIDE (_susrstack = .)
                0x0000000020006800                . = (. + __stack_size)
 *fill*         0x0000000020006600      0x200 
                0x0000000020006800                PROVIDE (_eusrstack = .)
OUTPUT(CH592F_SSD1306.elf elf32-littleriscv)

.debug_info     0x0000000000000000     0xe292
 .debug_info    0x0000000000000000      0xdbb ./User/Main.o
 .debug_info    0x0000000000000dbb     0x1961 ./User/app_i2c.o
 .debug_info    0x000000000000271c     0x2b77 ./User/driver_ssd1306.o
 .debug_info    0x0000000000005293     0x164b ./User/driver_ssd1306_basic.o
 .debug_info    0x00000000000068de     0x2196 ./User/driver_ssd1306_display_test.o
 .debug_info    0x0000000000008a74      0xf95 ./User/driver_ssd1306_interface.o
 .debug_info    0x0000000000009a09      0xe32 ./StdPeriphDriver/CH59x_gpio.o
 .debug_info    0x000000000000a83b     0x138e ./StdPeriphDriver/CH59x_i2c.o
 .debug_info    0x000000000000bbc9     0x189d ./StdPeriphDriver/CH59x_sys.o
 .debug_info    0x000000000000d466      0xe0a ./StdPeriphDriver/CH59x_uart1.o
 .debug_info    0x000000000000e270       0x22 ./Startup/startup_CH592.o

.debug_abbrev   0x0000000000000000     0x204c
 .debug_abbrev  0x0000000000000000      0x241 ./User/Main.o
 .debug_abbrev  0x0000000000000241      0x33e ./User/app_i2c.o
 .debug_abbrev  0x000000000000057f      0x4a6 ./User/driver_ssd1306.o
 .debug_abbrev  0x0000000000000a25      0x2d4 ./User/driver_ssd1306_basic.o
 .debug_abbrev  0x0000000000000cf9      0x2b0 ./User/driver_ssd1306_display_test.o
 .debug_abbrev  0x0000000000000fa9      0x36a ./User/driver_ssd1306_interface.o
 .debug_abbrev  0x0000000000001313      0x268 ./StdPeriphDriver/CH59x_gpio.o
 .debug_abbrev  0x000000000000157b      0x3c2 ./StdPeriphDriver/CH59x_i2c.o
 .debug_abbrev  0x000000000000193d      0x453 ./StdPeriphDriver/CH59x_sys.o
 .debug_abbrev  0x0000000000001d90      0x2aa ./StdPeriphDriver/CH59x_uart1.o
 .debug_abbrev  0x000000000000203a       0x12 ./Startup/startup_CH592.o

.debug_loc      0x0000000000000000     0x527e
 .debug_loc     0x0000000000000000       0x13 ./User/Main.o
 .debug_loc     0x0000000000000013      0x374 ./User/app_i2c.o
 .debug_loc     0x0000000000000387     0x2fbf ./User/driver_ssd1306.o
 .debug_loc     0x0000000000003346      0x65a ./User/driver_ssd1306_basic.o
 .debug_loc     0x00000000000039a0      0x77a ./User/driver_ssd1306_display_test.o
 .debug_loc     0x000000000000411a      0x252 ./User/driver_ssd1306_interface.o
 .debug_loc     0x000000000000436c      0x361 ./StdPeriphDriver/CH59x_gpio.o
 .debug_loc     0x00000000000046cd      0x5b8 ./StdPeriphDriver/CH59x_i2c.o
 .debug_loc     0x0000000000004c85      0x40c ./StdPeriphDriver/CH59x_sys.o
 .debug_loc     0x0000000000005091      0x1ed ./StdPeriphDriver/CH59x_uart1.o

.debug_aranges  0x0000000000000000      0x518
 .debug_aranges
                0x0000000000000000       0x20 ./User/Main.o
 .debug_aranges
                0x0000000000000020       0x40 ./User/app_i2c.o
 .debug_aranges
                0x0000000000000060      0x1a0 ./User/driver_ssd1306.o
 .debug_aranges
                0x0000000000000200       0x68 ./User/driver_ssd1306_basic.o
 .debug_aranges
                0x0000000000000268       0x20 ./User/driver_ssd1306_display_test.o
 .debug_aranges
                0x0000000000000288       0x50 ./User/driver_ssd1306_interface.o
 .debug_aranges
                0x00000000000002d8       0x48 ./StdPeriphDriver/CH59x_gpio.o
 .debug_aranges
                0x0000000000000320       0xe8 ./StdPeriphDriver/CH59x_i2c.o
 .debug_aranges
                0x0000000000000408       0x90 ./StdPeriphDriver/CH59x_sys.o
 .debug_aranges
                0x0000000000000498       0x50 ./StdPeriphDriver/CH59x_uart1.o
 .debug_aranges
                0x00000000000004e8       0x30 ./Startup/startup_CH592.o

.debug_ranges   0x0000000000000000      0x570
 .debug_ranges  0x0000000000000000       0x10 ./User/Main.o
 .debug_ranges  0x0000000000000010       0x48 ./User/app_i2c.o
 .debug_ranges  0x0000000000000058      0x1b8 ./User/driver_ssd1306.o
 .debug_ranges  0x0000000000000210       0x58 ./User/driver_ssd1306_basic.o
 .debug_ranges  0x0000000000000268       0x10 ./User/driver_ssd1306_display_test.o
 .debug_ranges  0x0000000000000278       0x40 ./User/driver_ssd1306_interface.o
 .debug_ranges  0x00000000000002b8       0x38 ./StdPeriphDriver/CH59x_gpio.o
 .debug_ranges  0x00000000000002f0      0x120 ./StdPeriphDriver/CH59x_i2c.o
 .debug_ranges  0x0000000000000410       0xf8 ./StdPeriphDriver/CH59x_sys.o
 .debug_ranges  0x0000000000000508       0x40 ./StdPeriphDriver/CH59x_uart1.o
 .debug_ranges  0x0000000000000548       0x28 ./Startup/startup_CH592.o

.debug_line     0x0000000000000000     0x9efb
 .debug_line    0x0000000000000000      0x3ce ./User/Main.o
 .debug_line    0x00000000000003ce     0x1077 ./User/app_i2c.o
 .debug_line    0x0000000000001445     0x343e ./User/driver_ssd1306.o
 .debug_line    0x0000000000004883      0xb56 ./User/driver_ssd1306_basic.o
 .debug_line    0x00000000000053d9     0x1454 ./User/driver_ssd1306_display_test.o
 .debug_line    0x000000000000682d      0x5c3 ./User/driver_ssd1306_interface.o
 .debug_line    0x0000000000006df0      0x7d2 ./StdPeriphDriver/CH59x_gpio.o
 .debug_line    0x00000000000075c2      0xfc0 ./StdPeriphDriver/CH59x_i2c.o
 .debug_line    0x0000000000008582     0x1219 ./StdPeriphDriver/CH59x_sys.o
 .debug_line    0x000000000000979b      0x615 ./StdPeriphDriver/CH59x_uart1.o
 .debug_line    0x0000000000009db0      0x14b ./Startup/startup_CH592.o

.debug_str      0x0000000000000000     0x2606
 .debug_str     0x0000000000000000      0x960 ./User/Main.o
                                        0x9f6 (size before relaxing)
 .debug_str     0x0000000000000960      0x5b7 ./User/app_i2c.o
                                        0xe65 (size before relaxing)
 .debug_str     0x0000000000000f17      0xcf1 ./User/driver_ssd1306.o
                                       0x1445 (size before relaxing)
 .debug_str     0x0000000000001c08      0x112 ./User/driver_ssd1306_basic.o
                                        0xf74 (size before relaxing)
 .debug_str     0x0000000000001d1a       0x83 ./User/driver_ssd1306_display_test.o
                                       0x1115 (size before relaxing)
 .debug_str     0x0000000000001d9d      0x1d3 ./User/driver_ssd1306_interface.o
                                        0xad1 (size before relaxing)
 .debug_str     0x0000000000001f70       0xe4 ./StdPeriphDriver/CH59x_gpio.o
                                        0x991 (size before relaxing)
 .debug_str     0x0000000000002054      0x2ed ./StdPeriphDriver/CH59x_i2c.o
                                        0xc92 (size before relaxing)
 .debug_str     0x0000000000002341      0x1c1 ./StdPeriphDriver/CH59x_sys.o
                                        0xbba (size before relaxing)
 .debug_str     0x0000000000002502       0xdd ./StdPeriphDriver/CH59x_uart1.o
                                        0x936 (size before relaxing)
 .debug_str     0x00000000000025df       0x27 ./Startup/startup_CH592.o
                                         0x50 (size before relaxing)

.comment        0x0000000000000000       0x33
 .comment       0x0000000000000000       0x33 ./User/Main.o
                                         0x34 (size before relaxing)
 .comment       0x0000000000000033       0x34 ./User/app_i2c.o
 .comment       0x0000000000000033       0x34 ./User/driver_ssd1306.o
 .comment       0x0000000000000033       0x34 ./User/driver_ssd1306_basic.o
 .comment       0x0000000000000033       0x34 ./User/driver_ssd1306_display_test.o
 .comment       0x0000000000000033       0x34 ./User/driver_ssd1306_interface.o
 .comment       0x0000000000000033       0x34 ./StdPeriphDriver/CH59x_gpio.o
 .comment       0x0000000000000033       0x34 ./StdPeriphDriver/CH59x_i2c.o
 .comment       0x0000000000000033       0x34 ./StdPeriphDriver/CH59x_sys.o
 .comment       0x0000000000000033       0x34 ./StdPeriphDriver/CH59x_uart1.o
 .comment       0x0000000000000033       0x34 c:/Users/Paul Scalise/CH592F_SSD1306/StdPeriphDriver\libISP592.a(ISP583.o)

.debug_frame    0x0000000000000000     0x1844
 .debug_frame   0x0000000000000000       0x2c ./User/Main.o
 .debug_frame   0x000000000000002c       0xdc ./User/app_i2c.o
 .debug_frame   0x0000000000000108      0x624 ./User/driver_ssd1306.o
 .debug_frame   0x000000000000072c      0x144 ./User/driver_ssd1306_basic.o
 .debug_frame   0x0000000000000870       0x48 ./User/driver_ssd1306_display_test.o
 .debug_frame   0x00000000000008b8      0x134 ./User/driver_ssd1306_interface.o
 .debug_frame   0x00000000000009ec       0x70 ./StdPeriphDriver/CH59x_gpio.o
 .debug_frame   0x0000000000000a5c      0x1fc ./StdPeriphDriver/CH59x_i2c.o
 .debug_frame   0x0000000000000c58      0x14c ./StdPeriphDriver/CH59x_sys.o
 .debug_frame   0x0000000000000da4       0x9c ./StdPeriphDriver/CH59x_uart1.o
 .debug_frame   0x0000000000000e40       0x38 c:/mounriver/mounriver_studio2/resources/app/resources/win32/components/wch/toolchain/risc-v embedded gcc/bin/../lib/gcc/riscv-none-embed/8.2.0/rv32imac/ilp32\libgcc.a(extendsfdf2.o)
 .debug_frame   0x0000000000000e78       0x20 c:/mounriver/mounriver_studio2/resources/app/resources/win32/components/wch/toolchain/risc-v embedded gcc/bin/../lib/gcc/riscv-none-embed/8.2.0/rv32imac/ilp32\libgcc.a(_clzsi2.o)
 .debug_frame   0x0000000000000e98       0x20 c:/mounriver/mounriver_studio2/resources/app/resources/win32/components/wch/toolchain/risc-v embedded gcc/bin/../lib/gcc/riscv-none-embed/8.2.0/../../../../riscv-none-embed/lib/rv32imac/ilp32\libg_nano.a(lib_a-memcpy.o)
 .debug_frame   0x0000000000000eb8       0x54 c:/mounriver/mounriver_studio2/resources/app/resources/win32/components/wch/toolchain/risc-v embedded gcc/bin/../lib/gcc/riscv-none-embed/8.2.0/../../../../riscv-none-embed/lib/rv32imac/ilp32\libg_nano.a(lib_a-printf.o)
 .debug_frame   0x0000000000000f0c       0x5c c:/mounriver/mounriver_studio2/resources/app/resources/win32/components/wch/toolchain/risc-v embedded gcc/bin/../lib/gcc/riscv-none-embed/8.2.0/../../../../riscv-none-embed/lib/rv32imac/ilp32\libg_nano.a(lib_a-rand.o)
 .debug_frame   0x0000000000000f68       0x20 c:/mounriver/mounriver_studio2/resources/app/resources/win32/components/wch/toolchain/risc-v embedded gcc/bin/../lib/gcc/riscv-none-embed/8.2.0/../../../../riscv-none-embed/lib/rv32imac/ilp32\libg_nano.a(lib_a-strlen.o)
 .debug_frame   0x0000000000000f88       0x20 c:/mounriver/mounriver_studio2/resources/app/resources/win32/components/wch/toolchain/risc-v embedded gcc/bin/../lib/gcc/riscv-none-embed/8.2.0/../../../../riscv-none-embed/lib/rv32imac/ilp32\libg_nano.a(lib_a-strncpy.o)
 .debug_frame   0x0000000000000fa8      0x148 c:/mounriver/mounriver_studio2/resources/app/resources/win32/components/wch/toolchain/risc-v embedded gcc/bin/../lib/gcc/riscv-none-embed/8.2.0/../../../../riscv-none-embed/lib/rv32imac/ilp32\libg_nano.a(lib_a-findfp.o)
 .debug_frame   0x00000000000010f0       0x88 c:/mounriver/mounriver_studio2/resources/app/resources/win32/components/wch/toolchain/risc-v embedded gcc/bin/../lib/gcc/riscv-none-embed/8.2.0/../../../../riscv-none-embed/lib/rv32imac/ilp32\libg_nano.a(lib_a-fwalk.o)
 .debug_frame   0x0000000000001178       0x30 c:/mounriver/mounriver_studio2/resources/app/resources/win32/components/wch/toolchain/risc-v embedded gcc/bin/../lib/gcc/riscv-none-embed/8.2.0/../../../../riscv-none-embed/lib/rv32imac/ilp32\libg_nano.a(lib_a-malloc.o)
 .debug_frame   0x00000000000011a8       0x40 c:/mounriver/mounriver_studio2/resources/app/resources/win32/components/wch/toolchain/risc-v embedded gcc/bin/../lib/gcc/riscv-none-embed/8.2.0/../../../../riscv-none-embed/lib/rv32imac/ilp32\libg_nano.a(lib_a-nano-freer.o)
 .debug_frame   0x00000000000011e8       0x40 c:/mounriver/mounriver_studio2/resources/app/resources/win32/components/wch/toolchain/risc-v embedded gcc/bin/../lib/gcc/riscv-none-embed/8.2.0/../../../../riscv-none-embed/lib/rv32imac/ilp32\libg_nano.a(lib_a-nano-mallocr.o)
 .debug_frame   0x0000000000001228       0xd0 c:/mounriver/mounriver_studio2/resources/app/resources/win32/components/wch/toolchain/risc-v embedded gcc/bin/../lib/gcc/riscv-none-embed/8.2.0/../../../../riscv-none-embed/lib/rv32imac/ilp32\libg_nano.a(lib_a-nano-vfprintf.o)
 .debug_frame   0x00000000000012f8       0x8c c:/mounriver/mounriver_studio2/resources/app/resources/win32/components/wch/toolchain/risc-v embedded gcc/bin/../lib/gcc/riscv-none-embed/8.2.0/../../../../riscv-none-embed/lib/rv32imac/ilp32\libg_nano.a(lib_a-nano-vfprintf_i.o)
 .debug_frame   0x0000000000001384       0x30 c:/mounriver/mounriver_studio2/resources/app/resources/win32/components/wch/toolchain/risc-v embedded gcc/bin/../lib/gcc/riscv-none-embed/8.2.0/../../../../riscv-none-embed/lib/rv32imac/ilp32\libg_nano.a(lib_a-sbrkr.o)
 .debug_frame   0x00000000000013b4       0xa4 c:/mounriver/mounriver_studio2/resources/app/resources/win32/components/wch/toolchain/risc-v embedded gcc/bin/../lib/gcc/riscv-none-embed/8.2.0/../../../../riscv-none-embed/lib/rv32imac/ilp32\libg_nano.a(lib_a-stdio.o)
 .debug_frame   0x0000000000001458       0x50 c:/mounriver/mounriver_studio2/resources/app/resources/win32/components/wch/toolchain/risc-v embedded gcc/bin/../lib/gcc/riscv-none-embed/8.2.0/../../../../riscv-none-embed/lib/rv32imac/ilp32\libg_nano.a(lib_a-wbuf.o)
 .debug_frame   0x00000000000014a8       0x30 c:/mounriver/mounriver_studio2/resources/app/resources/win32/components/wch/toolchain/risc-v embedded gcc/bin/../lib/gcc/riscv-none-embed/8.2.0/../../../../riscv-none-embed/lib/rv32imac/ilp32\libg_nano.a(lib_a-writer.o)
 .debug_frame   0x00000000000014d8       0x3c c:/mounriver/mounriver_studio2/resources/app/resources/win32/components/wch/toolchain/risc-v embedded gcc/bin/../lib/gcc/riscv-none-embed/8.2.0/../../../../riscv-none-embed/lib/rv32imac/ilp32\libg_nano.a(lib_a-wsetup.o)
 .debug_frame   0x0000000000001514       0x30 c:/mounriver/mounriver_studio2/resources/app/resources/win32/components/wch/toolchain/risc-v embedded gcc/bin/../lib/gcc/riscv-none-embed/8.2.0/../../../../riscv-none-embed/lib/rv32imac/ilp32\libg_nano.a(lib_a-closer.o)
 .debug_frame   0x0000000000001544       0x7c c:/mounriver/mounriver_studio2/resources/app/resources/win32/components/wch/toolchain/risc-v embedded gcc/bin/../lib/gcc/riscv-none-embed/8.2.0/../../../../riscv-none-embed/lib/rv32imac/ilp32\libg_nano.a(lib_a-fflush.o)
 .debug_frame   0x00000000000015c0       0x30 c:/mounriver/mounriver_studio2/resources/app/resources/win32/components/wch/toolchain/risc-v embedded gcc/bin/../lib/gcc/riscv-none-embed/8.2.0/../../../../riscv-none-embed/lib/rv32imac/ilp32\libg_nano.a(lib_a-lseekr.o)
 .debug_frame   0x00000000000015f0       0x64 c:/mounriver/mounriver_studio2/resources/app/resources/win32/components/wch/toolchain/risc-v embedded gcc/bin/../lib/gcc/riscv-none-embed/8.2.0/../../../../riscv-none-embed/lib/rv32imac/ilp32\libg_nano.a(lib_a-makebuf.o)
 .debug_frame   0x0000000000001654       0x20 c:/mounriver/mounriver_studio2/resources/app/resources/win32/components/wch/toolchain/risc-v embedded gcc/bin/../lib/gcc/riscv-none-embed/8.2.0/../../../../riscv-none-embed/lib/rv32imac/ilp32\libg_nano.a(lib_a-memchr.o)
 .debug_frame   0x0000000000001674       0x30 c:/mounriver/mounriver_studio2/resources/app/resources/win32/components/wch/toolchain/risc-v embedded gcc/bin/../lib/gcc/riscv-none-embed/8.2.0/../../../../riscv-none-embed/lib/rv32imac/ilp32\libg_nano.a(lib_a-mlock.o)
 .debug_frame   0x00000000000016a4       0x30 c:/mounriver/mounriver_studio2/resources/app/resources/win32/components/wch/toolchain/risc-v embedded gcc/bin/../lib/gcc/riscv-none-embed/8.2.0/../../../../riscv-none-embed/lib/rv32imac/ilp32\libg_nano.a(lib_a-readr.o)
 .debug_frame   0x00000000000016d4       0x70 c:/mounriver/mounriver_studio2/resources/app/resources/win32/components/wch/toolchain/risc-v embedded gcc/bin/../lib/gcc/riscv-none-embed/8.2.0/../../../../riscv-none-embed/lib/rv32imac/ilp32\libg_nano.a(lib_a-reent.o)
 .debug_frame   0x0000000000001744       0x30 c:/mounriver/mounriver_studio2/resources/app/resources/win32/components/wch/toolchain/risc-v embedded gcc/bin/../lib/gcc/riscv-none-embed/8.2.0/../../../../riscv-none-embed/lib/rv32imac/ilp32\libg_nano.a(lib_a-fstatr.o)
 .debug_frame   0x0000000000001774       0x30 c:/mounriver/mounriver_studio2/resources/app/resources/win32/components/wch/toolchain/risc-v embedded gcc/bin/../lib/gcc/riscv-none-embed/8.2.0/../../../../riscv-none-embed/lib/rv32imac/ilp32\libg_nano.a(lib_a-isattyr.o)
 .debug_frame   0x00000000000017a4       0x20 c:/mounriver/mounriver_studio2/resources/app/resources/win32/components/wch/toolchain/risc-v embedded gcc/bin/../lib/gcc/riscv-none-embed/8.2.0/../../../../riscv-none-embed/lib/rv32imac/ilp32\libnosys.a(close.o)
 .debug_frame   0x00000000000017c4       0x20 c:/mounriver/mounriver_studio2/resources/app/resources/win32/components/wch/toolchain/risc-v embedded gcc/bin/../lib/gcc/riscv-none-embed/8.2.0/../../../../riscv-none-embed/lib/rv32imac/ilp32\libnosys.a(fstat.o)
 .debug_frame   0x00000000000017e4       0x20 c:/mounriver/mounriver_studio2/resources/app/resources/win32/components/wch/toolchain/risc-v embedded gcc/bin/../lib/gcc/riscv-none-embed/8.2.0/../../../../riscv-none-embed/lib/rv32imac/ilp32\libnosys.a(isatty.o)
 .debug_frame   0x0000000000001804       0x20 c:/mounriver/mounriver_studio2/resources/app/resources/win32/components/wch/toolchain/risc-v embedded gcc/bin/../lib/gcc/riscv-none-embed/8.2.0/../../../../riscv-none-embed/lib/rv32imac/ilp32\libnosys.a(lseek.o)
 .debug_frame   0x0000000000001824       0x20 c:/mounriver/mounriver_studio2/resources/app/resources/win32/components/wch/toolchain/risc-v embedded gcc/bin/../lib/gcc/riscv-none-embed/8.2.0/../../../../riscv-none-embed/lib/rv32imac/ilp32\libnosys.a(read.o)

.stab           0x0000000000000000       0x84
 .stab          0x0000000000000000       0x24 c:/mounriver/mounriver_studio2/resources/app/resources/win32/components/wch/toolchain/risc-v embedded gcc/bin/../lib/gcc/riscv-none-embed/8.2.0/../../../../riscv-none-embed/lib/rv32imac/ilp32\libnosys.a(close.o)
 .stab          0x0000000000000024       0x18 c:/mounriver/mounriver_studio2/resources/app/resources/win32/components/wch/toolchain/risc-v embedded gcc/bin/../lib/gcc/riscv-none-embed/8.2.0/../../../../riscv-none-embed/lib/rv32imac/ilp32\libnosys.a(fstat.o)
                                         0x24 (size before relaxing)
 .stab          0x000000000000003c       0x18 c:/mounriver/mounriver_studio2/resources/app/resources/win32/components/wch/toolchain/risc-v embedded gcc/bin/../lib/gcc/riscv-none-embed/8.2.0/../../../../riscv-none-embed/lib/rv32imac/ilp32\libnosys.a(isatty.o)
                                         0x24 (size before relaxing)
 .stab          0x0000000000000054       0x18 c:/mounriver/mounriver_studio2/resources/app/resources/win32/components/wch/toolchain/risc-v embedded gcc/bin/../lib/gcc/riscv-none-embed/8.2.0/../../../../riscv-none-embed/lib/rv32imac/ilp32\libnosys.a(lseek.o)
                                         0x24 (size before relaxing)
 .stab          0x000000000000006c       0x18 c:/mounriver/mounriver_studio2/resources/app/resources/win32/components/wch/toolchain/risc-v embedded gcc/bin/../lib/gcc/riscv-none-embed/8.2.0/../../../../riscv-none-embed/lib/rv32imac/ilp32\libnosys.a(read.o)
                                         0x24 (size before relaxing)

.stabstr        0x0000000000000000      0x117
 .stabstr       0x0000000000000000      0x117 c:/mounriver/mounriver_studio2/resources/app/resources/win32/components/wch/toolchain/risc-v embedded gcc/bin/../lib/gcc/riscv-none-embed/8.2.0/../../../../riscv-none-embed/lib/rv32imac/ilp32\libnosys.a(close.o)
